共 10 个切点，每点 13 个样本外评估日；切点间隔半年 → 窗口基本不重叠

[1/10] 切点 2021-08-06  评估 2021-08-20 ~ 2022-02-25  
  ✅ 5,000→IC+0.0021/IR0.021  20,000→IC-0.0062/IR-0.08  64,419→IC+0.0081/IR0.15
[2/10] 切点 2022-02-11  评估 2022-02-25 ~ 2022-08-19  
  ✅ 5,000→IC+0.0605/IR0.519  20,000→IC-0.0181/IR-0.225  66,467→IC-0.0152/IR-0.19
[3/10] 切点 2022-08-05  评估 2022-08-19 ~ 2023-02-21  
  ✅ 5,000→IC+0.0765/IR1.109  20,000→IC+0.0723/IR0.779  68,393→IC+0.0423/IR0.607
[4/10] 切点 2023-02-07  评估 2023-02-21 ~ 2023-08-21  
  ✅ 5,000→IC+0.1032/IR2.273  20,000→IC+0.0690/IR0.572  69,678→IC+0.0801/IR0.5
[5/10] 切点 2023-08-07  评估 2023-08-21 ~ 2024-02-29  
  ✅ 5,000→IC+0.0789/IR1.017  20,000→IC+0.0879/IR0.901  70,620→IC+0.0613/IR1.092
[6/10] 切点 2024-02-07  评估 2024-02-29 ~ 2024-08-21  
  ✅ 5,000→IC+0.0785/IR1.465  20,000→IC+0.0387/IR0.476  71,585→IC-0.0148/IR-0.18
[7/10] 切点 2024-08-07  评估 2024-08-21 ~ 2025-02-25  
  ✅ 5,000→IC+0.0307/IR0.244  20,000→IC+0.0218/IR0.129  72,400→IC+0.0931/IR0.805
[8/10] 切点 2025-02-11  评估 2025-02-25 ~ 2025-08-21  
  ✅ 5,000→IC+0.0162/IR0.233  20,000→IC+0.0515/IR0.503  73,102→IC+0.0300/IR0.289
[9/10] 切点 2025-08-07  评估 2025-08-21 ~ 2026-02-27  
  ✅ 5,000→IC-0.0005/IR-0.004  20,000→IC+0.0535/IR0.888  73,626→IC+0.0836/IR1.136
[10/10] 切点 2026-02-06  评估 2026-02-27 ~ 2026-08-21  
  ✅ 5,000→IC+0.0611/IR0.699  20,000→IC+0.0125/IR0.144  73,931→IC+0.0112/IR0.14

全部完成。
