============================================================================================
缓存 3ccb10244903  X=(412486, 120, 129)  y2=(412486,)  特征维度(展平)=15,480
============================================================================================
训练窗口 [2021-02-01 ~ 2022-02-11]  n_train=66,467  覆盖采样日 25 天
评估日 13 个: ['2022-02-25', '2022-03-07', '2022-03-21', '2022-04-11', '2022-04-25', '2022-05-11', '2022-05-25', '2022-06-08', '2022-06-22', '2022-07-07', '2022-07-21', '2022-08-05', '2022-08-19']（均在训练窗口之后 → 严格时间外）

--------------------------------------------------------------------------------------------
[cap=5000] 实际样本 5,000  覆盖采样日 2 天: [np.str_('2022-01-24'), np.str_('2022-02-11')]
  读取训练集完成 0s  内存 0.31GB
Training until validation scores don't improve for 50 rounds
Early stopping, best iteration is:
[99]	valid_0's rmse: 0.0932064
[2026-09-26 08:18:39] INFO     sequoia_x.model_selection_v2.models.tree_reg - T2
                               训练完成: best_iteration=99                      
  ✅ 训练完成 48s
    2022-02-25  IC=+0.0172  pred_std=0.0316  pred_mean=+0.0320
    2022-03-07  IC=-0.0976  pred_std=0.0335  pred_mean=+0.0314
    2022-03-21  IC=-0.1533  pred_std=0.0358  pred_mean=+0.0184
    2022-04-11  IC=+0.1197  pred_std=0.0344  pred_mean=+0.0331
    2022-04-25  IC=+0.2030  pred_std=0.0292  pred_mean=+0.0391
    2022-05-11  IC=+0.0975  pred_std=0.0297  pred_mean=+0.0362
    2022-05-25  IC=+0.0147  pred_std=0.0312  pred_mean=+0.0431
    2022-06-08  IC=+0.0198  pred_std=0.0301  pred_mean=+0.0286
    2022-06-22  IC=+0.0677  pred_std=0.0316  pred_mean=+0.0351
    2022-07-07  IC=+0.0608  pred_std=0.0313  pred_mean=+0.0356
    2022-07-21  IC=-0.0169  pred_std=0.0332  pred_mean=+0.0243
    2022-08-05  IC=+0.2196  pred_std=0.0318  pred_mean=+0.0420
    2022-08-19  IC=+0.2344  pred_std=0.0320  pred_mean=+0.0392
  ⇒ 均值 IC=+0.0605  std=0.1166  ICIR=0.519
--------------------------------------------------------------------------------------------
[cap=20000] 实际样本 20,000  覆盖采样日 8 天: [np.str_('2021-10-28'), np.str_('2021-11-05'), np.str_('2021-11-19')] ... [np.str_('2022-01-10'), np.str_('2022-01-24'), np.str_('2022-02-11')]
  读取训练集完成 1s  内存 1.24GB
Training until validation scores don't improve for 50 rounds
Early stopping, best iteration is:
[1]	valid_0's rmse: 0.102091
[2026-09-26 08:19:31] INFO     sequoia_x.model_selection_v2.models.tree_reg - T2
                               训练完成: best_iteration=1                       
  ✅ 训练完成 50s
    2022-02-25  IC=-0.0269  pred_std=0.0021  pred_mean=+0.0418
    2022-03-07  IC=-0.0530  pred_std=0.0020  pred_mean=+0.0413
    2022-03-21  IC=+0.1138  pred_std=0.0020  pred_mean=+0.0390
    2022-04-11  IC=-0.0538  pred_std=0.0019  pred_mean=+0.0367
    2022-04-25  IC=-0.1394  pred_std=0.0020  pred_mean=+0.0369
    2022-05-11  IC=-0.0520  pred_std=0.0020  pred_mean=+0.0393
    2022-05-25  IC=+0.1116  pred_std=0.0022  pred_mean=+0.0418
    2022-06-08  IC=-0.0330  pred_std=0.0023  pred_mean=+0.0397
    2022-06-22  IC=+0.0264  pred_std=0.0017  pred_mean=+0.0363
    2022-07-07  IC=-0.0586  pred_std=0.0013  pred_mean=+0.0359
    2022-07-21  IC=-0.1348  pred_std=0.0027  pred_mean=+0.0390
    2022-08-05  IC=+0.0630  pred_std=0.0014  pred_mean=+0.0361
    2022-08-19  IC=+0.0019  pred_std=0.0025  pred_mean=+0.0409
  ⇒ 均值 IC=-0.0181  std=0.0801  ICIR=-0.225
--------------------------------------------------------------------------------------------
[cap=全量] 实际样本 66,467  覆盖采样日 25 天: [np.str_('2021-02-05'), np.str_('2021-02-26'), np.str_('2021-03-05')] ... [np.str_('2022-01-10'), np.str_('2022-01-24'), np.str_('2022-02-11')]
  读取训练集完成 4s  内存 4.12GB
Training until validation scores don't improve for 50 rounds
Early stopping, best iteration is:
[1]	valid_0's rmse: 0.109626
[2026-09-26 08:21:37] INFO     sequoia_x.model_selection_v2.models.tree_reg - T2
                               训练完成: best_iteration=1                       
  ✅ 训练完成 122s
    2022-02-25  IC=-0.1022  pred_std=0.0020  pred_mean=+0.0335
    2022-03-07  IC=-0.0619  pred_std=0.0022  pred_mean=+0.0265
    2022-03-21  IC=-0.0121  pred_std=0.0016  pred_mean=+0.0276
    2022-04-11  IC=+0.0465  pred_std=0.0015  pred_mean=+0.0287
    2022-04-25  IC=-0.0244  pred_std=0.0019  pred_mean=+0.0288
    2022-05-11  IC=-0.1213  pred_std=0.0015  pred_mean=+0.0289
    2022-05-25  IC=-0.0856  pred_std=0.0029  pred_mean=+0.0294
    2022-06-08  IC=-0.0300  pred_std=0.0006  pred_mean=+0.0248
    2022-06-22  IC=-0.0070  pred_std=0.0017  pred_mean=+0.0272
    2022-07-07  IC=-0.0234  pred_std=0.0011  pred_mean=+0.0308
    2022-07-21  IC=-0.0384  pred_std=0.0009  pred_mean=+0.0305
    2022-08-05  IC=+0.0902  pred_std=0.0011  pred_mean=+0.0309
    2022-08-19  IC=+0.1719  pred_std=0.0008  pred_mean=+0.0305
  ⇒ 均值 IC=-0.0152  std=0.0800  ICIR=-0.19

============================================================================================
       训练量    采样日      训练耗时      均值IC   IC std    ICIR  各日 IC
--------------------------------------------------------------------------------------------
     5,000      2       48s   +0.0605   0.1166   0.519  +0.017 -0.098 -0.153 +0.120 +0.203 +0.098 +0.015 +0.020 +0.068 +0.061 -0.017 +0.220 +0.234
    20,000      8       50s   -0.0181   0.0801  -0.225  -0.027 -0.053 +0.114 -0.054 -0.139 -0.052 +0.112 -0.033 +0.026 -0.059 -0.135 +0.063 +0.002
    66,467     25      122s   -0.0152   0.0800   -0.19  -0.102 -0.062 -0.012 +0.046 -0.024 -0.121 -0.086 -0.030 -0.007 -0.023 -0.038 +0.090 +0.172
============================================================================================

---STDERR---
