============================================================================================
缓存 3ccb10244903  X=(412486, 120, 129)  y2=(412486,)  特征维度(展平)=15,480
============================================================================================
训练窗口 [2022-02-01 ~ 2023-02-07]  n_train=69,678  覆盖采样日 25 天
评估日 13 个: ['2023-02-21', '2023-03-07', '2023-03-21', '2023-04-10', '2023-04-24', '2023-05-10', '2023-05-24', '2023-06-07', '2023-06-21', '2023-07-07', '2023-07-21', '2023-08-07', '2023-08-21']（均在训练窗口之后 → 严格时间外）

--------------------------------------------------------------------------------------------
[cap=5000] 实际样本 5,000  覆盖采样日 2 天: [np.str_('2023-01-30'), np.str_('2023-02-07')]
  读取训练集完成 0s  内存 0.31GB
Training until validation scores don't improve for 50 rounds
Early stopping, best iteration is:
[109]	valid_0's rmse: 0.0677149
[2026-09-26 08:27:59] INFO     sequoia_x.model_selection_v2.models.tree_reg - T2
                               训练完成: best_iteration=109                     
  ✅ 训练完成 49s
    2023-02-21  IC=+0.1504  pred_std=0.0253  pred_mean=+0.0293
    2023-03-07  IC=+0.1182  pred_std=0.0211  pred_mean=+0.0190
    2023-03-21  IC=+0.0657  pred_std=0.0211  pred_mean=+0.0378
    2023-04-10  IC=+0.1676  pred_std=0.0206  pred_mean=+0.0378
    2023-04-24  IC=+0.0791  pred_std=0.0213  pred_mean=+0.0344
    2023-05-10  IC=+0.0473  pred_std=0.0233  pred_mean=+0.0309
    2023-05-24  IC=+0.0809  pred_std=0.0217  pred_mean=+0.0246
    2023-06-07  IC=+0.0292  pred_std=0.0222  pred_mean=+0.0263
    2023-06-21  IC=+0.1406  pred_std=0.0228  pred_mean=+0.0276
    2023-07-07  IC=+0.1085  pred_std=0.0213  pred_mean=+0.0238
    2023-07-21  IC=+0.1565  pred_std=0.0203  pred_mean=+0.0254
    2023-08-07  IC=+0.0619  pred_std=0.0212  pred_mean=+0.0235
    2023-08-21  IC=+0.1361  pred_std=0.0200  pred_mean=+0.0293
  ⇒ 均值 IC=+0.1032  std=0.0454  ICIR=2.273
--------------------------------------------------------------------------------------------
[cap=20000] 实际样本 20,000  覆盖采样日 8 天: [np.str_('2022-10-28'), np.str_('2022-11-07'), np.str_('2022-11-21')] ... [np.str_('2023-01-09'), np.str_('2023-01-30'), np.str_('2023-02-07')]
  读取训练集完成 1s  内存 1.24GB
Training until validation scores don't improve for 50 rounds
Early stopping, best iteration is:
[151]	valid_0's rmse: 0.0782594
[2026-09-26 08:29:49] INFO     sequoia_x.model_selection_v2.models.tree_reg - T2
                               训练完成: best_iteration=151                     
  ✅ 训练完成 108s
    2023-02-21  IC=-0.0606  pred_std=0.0220  pred_mean=-0.0238
    2023-03-07  IC=-0.0143  pred_std=0.0214  pred_mean=-0.0162
    2023-03-21  IC=-0.0870  pred_std=0.0249  pred_mean=-0.0130
    2023-04-10  IC=+0.0869  pred_std=0.0256  pred_mean=+0.0326
    2023-04-24  IC=+0.2514  pred_std=0.0258  pred_mean=+0.0334
    2023-05-10  IC=+0.0562  pred_std=0.0250  pred_mean=-0.0108
    2023-05-24  IC=-0.0267  pred_std=0.0233  pred_mean=-0.0000
    2023-06-07  IC=+0.0191  pred_std=0.0234  pred_mean=+0.0074
    2023-06-21  IC=+0.2249  pred_std=0.0281  pred_mean=-0.0192
    2023-07-07  IC=+0.2710  pred_std=0.0248  pred_mean=-0.0133
    2023-07-21  IC=-0.0350  pred_std=0.0237  pred_mean=-0.0058
    2023-08-07  IC=+0.0709  pred_std=0.0220  pred_mean=-0.0195
    2023-08-21  IC=+0.1405  pred_std=0.0257  pred_mean=-0.0104
  ⇒ 均值 IC=+0.0690  std=0.1206  ICIR=0.572
--------------------------------------------------------------------------------------------
[cap=全量] 实际样本 69,678  覆盖采样日 25 天: [np.str_('2022-02-11'), np.str_('2022-02-25'), np.str_('2022-03-07')] ... [np.str_('2023-01-09'), np.str_('2023-01-30'), np.str_('2023-02-07')]
  读取训练集完成 4s  内存 4.31GB
Training until validation scores don't improve for 50 rounds
Early stopping, best iteration is:
[65]	valid_0's rmse: 0.091116
[2026-09-26 08:32:59] INFO     sequoia_x.model_selection_v2.models.tree_reg - T2
                               训练完成: best_iteration=65                      
  ✅ 训练完成 185s
    2023-02-21  IC=-0.0120  pred_std=0.0147  pred_mean=+0.0144
    2023-03-07  IC=-0.1531  pred_std=0.0184  pred_mean=-0.0124
    2023-03-21  IC=-0.1364  pred_std=0.0183  pred_mean=-0.0066
    2023-04-10  IC=+0.0775  pred_std=0.0206  pred_mean=+0.0046
    2023-04-24  IC=+0.3056  pred_std=0.0240  pred_mean=+0.0410
    2023-05-10  IC=+0.0707  pred_std=0.0196  pred_mean=+0.0091
    2023-05-24  IC=-0.0081  pred_std=0.0162  pred_mean=+0.0004
    2023-06-07  IC=+0.0240  pred_std=0.0166  pred_mean=-0.0051
    2023-06-21  IC=+0.3962  pred_std=0.0221  pred_mean=+0.0347
    2023-07-07  IC=+0.2230  pred_std=0.0171  pred_mean=+0.0230
    2023-07-21  IC=-0.0116  pred_std=0.0143  pred_mean=+0.0229
    2023-08-07  IC=+0.1028  pred_std=0.0173  pred_mean=+0.0206
    2023-08-21  IC=+0.1624  pred_std=0.0187  pred_mean=+0.0387
  ⇒ 均值 IC=+0.0801  std=0.1601  ICIR=0.5

============================================================================================
       训练量    采样日      训练耗时      均值IC   IC std    ICIR  各日 IC
--------------------------------------------------------------------------------------------
     5,000      2       49s   +0.1032   0.0454   2.273  +0.150 +0.118 +0.066 +0.168 +0.079 +0.047 +0.081 +0.029 +0.141 +0.108 +0.157 +0.062 +0.136
    20,000      8      108s   +0.0690   0.1206   0.572  -0.061 -0.014 -0.087 +0.087 +0.251 +0.056 -0.027 +0.019 +0.225 +0.271 -0.035 +0.071 +0.141
    69,678     25      185s   +0.0801   0.1601     0.5  -0.012 -0.153 -0.136 +0.077 +0.306 +0.071 -0.008 +0.024 +0.396 +0.223 -0.012 +0.103 +0.162
============================================================================================

---STDERR---
