============================================================================================
缓存 3ccb10244903  X=(412486, 120, 129)  y2=(412486,)  特征维度(展平)=15,480
============================================================================================
训练窗口 [2023-08-01 ~ 2024-08-07]  n_train=72,400  覆盖采样日 25 天
评估日 13 个: ['2024-08-21', '2024-09-06', '2024-09-24', '2024-10-14', '2024-10-28', '2024-11-07', '2024-11-21', '2024-12-06', '2024-12-20', '2025-01-08', '2025-01-22', '2025-02-11', '2025-02-25']（均在训练窗口之后 → 严格时间外）

--------------------------------------------------------------------------------------------
[cap=5000] 实际样本 5,000  覆盖采样日 2 天: [np.str_('2024-07-19'), np.str_('2024-08-07')]
  读取训练集完成 0s  内存 0.31GB
Training until validation scores don't improve for 50 rounds
Early stopping, best iteration is:
[228]	valid_0's rmse: 0.0792316
[2026-09-26 08:45:02] INFO     sequoia_x.model_selection_v2.models.tree_reg - T2
                               训练完成: best_iteration=228                     
  ✅ 训练完成 73s
    2024-08-21  IC=+0.1824  pred_std=0.0242  pred_mean=+0.0104
    2024-09-06  IC=+0.0439  pred_std=0.0267  pred_mean=+0.0118
    2024-09-24  IC=-0.1511  pred_std=0.0261  pred_mean=+0.0043
    2024-10-14  IC=-0.1153  pred_std=0.0255  pred_mean=-0.0093
    2024-10-28  IC=-0.0144  pred_std=0.0266  pred_mean=-0.0060
    2024-11-07  IC=-0.0053  pred_std=0.0278  pred_mean=-0.0084
    2024-11-21  IC=+0.0332  pred_std=0.0267  pred_mean=+0.0078
    2024-12-06  IC=+0.2649  pred_std=0.0280  pred_mean=+0.0036
    2024-12-20  IC=+0.0651  pred_std=0.0280  pred_mean=-0.0048
    2025-01-08  IC=+0.1346  pred_std=0.0235  pred_mean=+0.0019
    2025-01-22  IC=-0.0316  pred_std=0.0238  pred_mean=-0.0099
    2025-02-11  IC=-0.1375  pred_std=0.0291  pred_mean=-0.0200
    2025-02-25  IC=+0.1305  pred_std=0.0272  pred_mean=-0.0125
  ⇒ 均值 IC=+0.0307  std=0.1258  ICIR=0.244
--------------------------------------------------------------------------------------------
[cap=20000] 实际样本 20,000  覆盖采样日 7 天: [np.str_('2024-05-10'), np.str_('2024-05-24'), np.str_('2024-06-07')] ... [np.str_('2024-07-05'), np.str_('2024-07-19'), np.str_('2024-08-07')]
  读取训练集完成 1s  内存 1.24GB
Training until validation scores don't improve for 50 rounds
Early stopping, best iteration is:
[68]	valid_0's rmse: 0.0806889
[2026-09-26 08:46:23] INFO     sequoia_x.model_selection_v2.models.tree_reg - T2
                               训练完成: best_iteration=68                      
  ✅ 训练完成 79s
    2024-08-21  IC=+0.2018  pred_std=0.0223  pred_mean=+0.0176
    2024-09-06  IC=-0.1031  pred_std=0.0214  pred_mean=-0.0391
    2024-09-24  IC=-0.1137  pred_std=0.0180  pred_mean=-0.0075
    2024-10-14  IC=-0.2792  pred_std=0.0189  pred_mean=-0.0628
    2024-10-28  IC=+0.1320  pred_std=0.0204  pred_mean=-0.0259
    2024-11-07  IC=+0.0745  pred_std=0.0227  pred_mean=-0.0490
    2024-11-21  IC=+0.0892  pred_std=0.0210  pred_mean=-0.0129
    2024-12-06  IC=+0.2801  pred_std=0.0214  pred_mean=-0.0473
    2024-12-20  IC=+0.0868  pred_std=0.0197  pred_mean=-0.0277
    2025-01-08  IC=-0.1136  pred_std=0.0194  pred_mean=-0.0374
    2025-01-22  IC=-0.1390  pred_std=0.0192  pred_mean=-0.0235
    2025-02-11  IC=-0.0607  pred_std=0.0227  pred_mean=-0.0312
    2025-02-25  IC=+0.2281  pred_std=0.0209  pred_mean=-0.0372
  ⇒ 均值 IC=+0.0218  std=0.1686  ICIR=0.129
--------------------------------------------------------------------------------------------
[cap=全量] 实际样本 72,400  覆盖采样日 25 天: [np.str_('2023-08-07'), np.str_('2023-08-21'), np.str_('2023-09-07')] ... [np.str_('2024-07-05'), np.str_('2024-07-19'), np.str_('2024-08-07')]
  读取训练集完成 4s  内存 4.48GB
Training until validation scores don't improve for 50 rounds
Early stopping, best iteration is:
[6]	valid_0's rmse: 0.087637
[2026-09-26 08:48:48] INFO     sequoia_x.model_selection_v2.models.tree_reg - T2
                               训练完成: best_iteration=6                       
  ✅ 训练完成 140s
    2024-08-21  IC=-0.0116  pred_std=0.0040  pred_mean=-0.0009
    2024-09-06  IC=+0.0068  pred_std=0.0131  pred_mean=-0.0254
    2024-09-24  IC=-0.0249  pred_std=0.0155  pred_mean=-0.0227
    2024-10-14  IC=-0.0344  pred_std=0.0050  pred_mean=-0.0006
    2024-10-28  IC=+0.1105  pred_std=0.0044  pred_mean=+0.0011
    2024-11-07  IC=+0.2471  pred_std=0.0039  pred_mean=-0.0002
    2024-11-21  IC=+0.1115  pred_std=0.0049  pred_mean=-0.0010
    2024-12-06  IC=+0.1891  pred_std=0.0067  pred_mean=-0.0485
    2024-12-20  IC=+0.0269  pred_std=0.0068  pred_mean=-0.0480
    2025-01-08  IC=+0.2143  pred_std=0.0048  pred_mean=+0.0063
    2025-01-22  IC=+0.1429  pred_std=0.0046  pred_mean=+0.0069
    2025-02-11  IC=-0.0505  pred_std=0.0060  pred_mean=-0.0195
    2025-02-25  IC=+0.2831  pred_std=0.0064  pred_mean=-0.0161
  ⇒ 均值 IC=+0.0931  std=0.1156  ICIR=0.805

============================================================================================
       训练量    采样日      训练耗时      均值IC   IC std    ICIR  各日 IC
--------------------------------------------------------------------------------------------
     5,000      2       73s   +0.0307   0.1258   0.244  +0.182 +0.044 -0.151 -0.115 -0.014 -0.005 +0.033 +0.265 +0.065 +0.135 -0.032 -0.138 +0.131
    20,000      7       79s   +0.0218   0.1686   0.129  +0.202 -0.103 -0.114 -0.279 +0.132 +0.074 +0.089 +0.280 +0.087 -0.114 -0.139 -0.061 +0.228
    72,400     25      140s   +0.0931   0.1156   0.805  -0.012 +0.007 -0.025 -0.034 +0.111 +0.247 +0.112 +0.189 +0.027 +0.214 +0.143 -0.051 +0.283
============================================================================================

---STDERR---
