============================================================================================
缓存 3ccb10244903  X=(412486, 120, 129)  y2=(412486,)  特征维度(展平)=15,480
============================================================================================
训练窗口 [2021-08-01 ~ 2022-08-05]  n_train=68,393  覆盖采样日 25 天
评估日 13 个: ['2022-08-19', '2022-09-07', '2022-09-22', '2022-10-14', '2022-10-28', '2022-11-07', '2022-11-21', '2022-12-07', '2022-12-21', '2023-01-09', '2023-01-30', '2023-02-07', '2023-02-21']（均在训练窗口之后 → 严格时间外）

--------------------------------------------------------------------------------------------
[cap=5000] 实际样本 5,000  覆盖采样日 2 天: [np.str_('2022-07-21'), np.str_('2022-08-05')]
  读取训练集完成 0s  内存 0.31GB
Training until validation scores don't improve for 50 rounds
Early stopping, best iteration is:
[184]	valid_0's rmse: 0.0912067
[2026-09-26 08:22:50] INFO     sequoia_x.model_selection_v2.models.tree_reg - T2
                               训练完成: best_iteration=184                     
  ✅ 训练完成 66s
    2022-08-19  IC=+0.2467  pred_std=0.0298  pred_mean=+0.0174
    2022-09-07  IC=+0.1143  pred_std=0.0254  pred_mean=+0.0182
    2022-09-22  IC=+0.0035  pred_std=0.0247  pred_mean=+0.0315
    2022-10-14  IC=+0.0423  pred_std=0.0245  pred_mean=+0.0357
    2022-10-28  IC=+0.0619  pred_std=0.0273  pred_mean=+0.0390
    2022-11-07  IC=+0.0334  pred_std=0.0271  pred_mean=+0.0350
    2022-11-21  IC=+0.1066  pred_std=0.0267  pred_mean=+0.0420
    2022-12-07  IC=+0.0114  pred_std=0.0260  pred_mean=+0.0219
    2022-12-21  IC=+0.0565  pred_std=0.0250  pred_mean=+0.0359
    2023-01-09  IC=+0.1683  pred_std=0.0275  pred_mean=+0.0430
    2023-01-30  IC=+0.0329  pred_std=0.0272  pred_mean=+0.0380
    2023-02-07  IC=+0.0869  pred_std=0.0272  pred_mean=+0.0293
    2023-02-21  IC=+0.0301  pred_std=0.0249  pred_mean=+0.0303
  ⇒ 均值 IC=+0.0765  std=0.0690  ICIR=1.109
--------------------------------------------------------------------------------------------
[cap=20000] 实际样本 20,000  覆盖采样日 8 天: [np.str_('2022-04-25'), np.str_('2022-05-11'), np.str_('2022-05-25')] ... [np.str_('2022-07-07'), np.str_('2022-07-21'), np.str_('2022-08-05')]
  读取训练集完成 1s  内存 1.24GB
Training until validation scores don't improve for 50 rounds
Early stopping, best iteration is:
[168]	valid_0's rmse: 0.101039
[2026-09-26 08:24:47] INFO     sequoia_x.model_selection_v2.models.tree_reg - T2
                               训练完成: best_iteration=168                     
  ✅ 训练完成 115s
    2022-08-19  IC=+0.1309  pred_std=0.0269  pred_mean=+0.0269
    2022-09-07  IC=+0.0595  pred_std=0.0292  pred_mean=+0.0301
    2022-09-22  IC=+0.1183  pred_std=0.0293  pred_mean=+0.0097
    2022-10-14  IC=+0.1336  pred_std=0.0292  pred_mean=+0.0650
    2022-10-28  IC=+0.1592  pred_std=0.0275  pred_mean=+0.0382
    2022-11-07  IC=+0.1274  pred_std=0.0277  pred_mean=+0.0215
    2022-11-21  IC=+0.0439  pred_std=0.0268  pred_mean=+0.0246
    2022-12-07  IC=-0.0059  pred_std=0.0335  pred_mean=-0.0047
    2022-12-21  IC=+0.2264  pred_std=0.0292  pred_mean=+0.0310
    2023-01-09  IC=+0.1094  pred_std=0.0255  pred_mean=+0.0427
    2023-01-30  IC=-0.0156  pred_std=0.0245  pred_mean=+0.0128
    2023-02-07  IC=-0.0949  pred_std=0.0299  pred_mean=-0.0060
    2023-02-21  IC=-0.0521  pred_std=0.0292  pred_mean=+0.0252
  ⇒ 均值 IC=+0.0723  std=0.0928  ICIR=0.779
--------------------------------------------------------------------------------------------
[cap=全量] 实际样本 68,393  覆盖采样日 25 天: [np.str_('2021-08-06'), np.str_('2021-08-20'), np.str_('2021-09-07')] ... [np.str_('2022-07-07'), np.str_('2022-07-21'), np.str_('2022-08-05')]
  读取训练集完成 4s  内存 4.23GB
Training until validation scores don't improve for 50 rounds
Early stopping, best iteration is:
[1]	valid_0's rmse: 0.113761
[2026-09-26 08:27:03] INFO     sequoia_x.model_selection_v2.models.tree_reg - T2
                               训练完成: best_iteration=1                       
  ✅ 训练完成 132s
    2022-08-19  IC=+0.0011  pred_std=0.0016  pred_mean=+0.0275
    2022-09-07  IC=-0.0382  pred_std=0.0023  pred_mean=+0.0253
    2022-09-22  IC=+0.1444  pred_std=0.0022  pred_mean=+0.0248
    2022-10-14  IC=+0.0429  pred_std=0.0023  pred_mean=+0.0257
    2022-10-28  IC=+0.1138  pred_std=0.0035  pred_mean=+0.0256
    2022-11-07  IC=+0.1188  pred_std=0.0019  pred_mean=+0.0253
    2022-11-21  IC=-0.0895  pred_std=0.0015  pred_mean=+0.0273
    2022-12-07  IC=+0.0446  pred_std=0.0022  pred_mean=+0.0296
    2022-12-21  IC=+0.0319  pred_std=0.0019  pred_mean=+0.0298
    2023-01-09  IC=+0.1277  pred_std=0.0012  pred_mean=+0.0278
    2023-01-30  IC=-0.0098  pred_std=0.0015  pred_mean=+0.0304
    2023-02-07  IC=+0.0542  pred_std=0.0030  pred_mean=+0.0301
    2023-02-21  IC=+0.0087  pred_std=0.0026  pred_mean=+0.0301
  ⇒ 均值 IC=+0.0423  std=0.0697  ICIR=0.607

============================================================================================
       训练量    采样日      训练耗时      均值IC   IC std    ICIR  各日 IC
--------------------------------------------------------------------------------------------
     5,000      2       66s   +0.0765   0.0690   1.109  +0.247 +0.114 +0.004 +0.042 +0.062 +0.033 +0.107 +0.011 +0.057 +0.168 +0.033 +0.087 +0.030
    20,000      8      115s   +0.0723   0.0928   0.779  +0.131 +0.059 +0.118 +0.134 +0.159 +0.127 +0.044 -0.006 +0.226 +0.109 -0.016 -0.095 -0.052
    68,393     25      132s   +0.0423   0.0697   0.607  +0.001 -0.038 +0.144 +0.043 +0.114 +0.119 -0.089 +0.045 +0.032 +0.128 -0.010 +0.054 +0.009
============================================================================================

---STDERR---
