============================================================================================
缓存 3ccb10244903  X=(412486, 120, 129)  y2=(412486,)  特征维度(展平)=15,480
============================================================================================
训练窗口 [2024-02-01 ~ 2025-02-11]  n_train=73,102  覆盖采样日 25 天
评估日 13 个: ['2025-02-25', '2025-03-07', '2025-03-21', '2025-04-08', '2025-04-22', '2025-05-12', '2025-05-26', '2025-06-09', '2025-06-23', '2025-07-07', '2025-07-21', '2025-08-07', '2025-08-21']（均在训练窗口之后 → 严格时间外）

--------------------------------------------------------------------------------------------
[cap=5000] 实际样本 5,000  覆盖采样日 2 天: [np.str_('2025-01-22'), np.str_('2025-02-11')]
  读取训练集完成 0s  内存 0.31GB
Training until validation scores don't improve for 50 rounds
Early stopping, best iteration is:
[116]	valid_0's rmse: 0.0966538
[2026-09-26 08:49:49] INFO     sequoia_x.model_selection_v2.models.tree_reg - T2
                               训练完成: best_iteration=116                     
  ✅ 训练完成 53s
    2025-02-25  IC=+0.0072  pred_std=0.0274  pred_mean=+0.0009
    2025-03-07  IC=-0.1153  pred_std=0.0280  pred_mean=+0.0109
    2025-03-21  IC=-0.0263  pred_std=0.0253  pred_mean=+0.0019
    2025-04-08  IC=+0.1574  pred_std=0.0254  pred_mean=-0.0024
    2025-04-22  IC=+0.0620  pred_std=0.0280  pred_mean=+0.0087
    2025-05-12  IC=-0.0674  pred_std=0.0259  pred_mean=+0.0102
    2025-05-26  IC=+0.0178  pred_std=0.0277  pred_mean=+0.0088
    2025-06-09  IC=+0.0187  pred_std=0.0272  pred_mean=+0.0063
    2025-06-23  IC=+0.0357  pred_std=0.0251  pred_mean=-0.0009
    2025-07-07  IC=+0.0826  pred_std=0.0282  pred_mean=+0.0126
    2025-07-21  IC=+0.0429  pred_std=0.0269  pred_mean=+0.0022
    2025-08-07  IC=-0.0433  pred_std=0.0243  pred_mean=+0.0070
    2025-08-21  IC=+0.0384  pred_std=0.0263  pred_mean=+0.0110
  ⇒ 均值 IC=+0.0162  std=0.0694  ICIR=0.233
--------------------------------------------------------------------------------------------
[cap=20000] 实际样本 20,000  覆盖采样日 7 天: [np.str_('2024-11-07'), np.str_('2024-11-21'), np.str_('2024-12-06')] ... [np.str_('2025-01-08'), np.str_('2025-01-22'), np.str_('2025-02-11')]
  读取训练集完成 1s  内存 1.24GB
Training until validation scores don't improve for 50 rounds
Early stopping, best iteration is:
[1]	valid_0's rmse: 0.110303
[2026-09-26 08:50:39] INFO     sequoia_x.model_selection_v2.models.tree_reg - T2
                               训练完成: best_iteration=1                       
  ✅ 训练完成 48s
    2025-02-25  IC=+0.2079  pred_std=0.0016  pred_mean=+0.0105
    2025-03-07  IC=+0.2260  pred_std=0.0023  pred_mean=+0.0100
    2025-03-21  IC=+0.0543  pred_std=0.0013  pred_mean=+0.0097
    2025-04-08  IC=+0.1764  pred_std=0.0011  pred_mean=+0.0109
    2025-04-22  IC=-0.0214  pred_std=0.0011  pred_mean=+0.0111
    2025-05-12  IC=+0.0679  pred_std=0.0021  pred_mean=+0.0101
    2025-05-26  IC=-0.0081  pred_std=0.0022  pred_mean=+0.0121
    2025-06-09  IC=-0.0114  pred_std=0.0022  pred_mean=+0.0091
    2025-06-23  IC=+0.0310  pred_std=0.0012  pred_mean=+0.0109
    2025-07-07  IC=-0.0173  pred_std=0.0022  pred_mean=+0.0092
    2025-07-21  IC=-0.1390  pred_std=0.0013  pred_mean=+0.0103
    2025-08-07  IC=+0.0690  pred_std=0.0014  pred_mean=+0.0129
    2025-08-21  IC=+0.0342  pred_std=0.0016  pred_mean=+0.0132
  ⇒ 均值 IC=+0.0515  std=0.1023  ICIR=0.503
--------------------------------------------------------------------------------------------
[cap=全量] 实际样本 73,102  覆盖采样日 25 天: [np.str_('2024-02-07'), np.str_('2024-02-29'), np.str_('2024-03-07')] ... [np.str_('2025-01-08'), np.str_('2025-01-22'), np.str_('2025-02-11')]
  读取训练集完成 4s  内存 4.53GB
Training until validation scores don't improve for 50 rounds
Early stopping, best iteration is:
[7]	valid_0's rmse: 0.107774
[2026-09-26 08:53:08] INFO     sequoia_x.model_selection_v2.models.tree_reg - T2
                               训练完成: best_iteration=7                       
  ✅ 训练完成 144s
    2025-02-25  IC=+0.1076  pred_std=0.0049  pred_mean=+0.0087
    2025-03-07  IC=+0.1942  pred_std=0.0048  pred_mean=+0.0160
    2025-03-21  IC=-0.0152  pred_std=0.0031  pred_mean=-0.0011
    2025-04-08  IC=-0.1181  pred_std=0.0045  pred_mean=-0.0110
    2025-04-22  IC=+0.0972  pred_std=0.0047  pred_mean=+0.0088
    2025-05-12  IC=+0.1001  pred_std=0.0055  pred_mean=-0.0008
    2025-05-26  IC=+0.0920  pred_std=0.0071  pred_mean=+0.0199
    2025-06-09  IC=+0.0328  pred_std=0.0056  pred_mean=-0.0005
    2025-06-23  IC=+0.0921  pred_std=0.0037  pred_mean=-0.0028
    2025-07-07  IC=-0.0764  pred_std=0.0042  pred_mean=-0.0064
    2025-07-21  IC=-0.1652  pred_std=0.0046  pred_mean=-0.0101
    2025-08-07  IC=-0.0281  pred_std=0.0072  pred_mean=+0.0098
    2025-08-21  IC=+0.0770  pred_std=0.0059  pred_mean=+0.0207
  ⇒ 均值 IC=+0.0300  std=0.1037  ICIR=0.289

============================================================================================
       训练量    采样日      训练耗时      均值IC   IC std    ICIR  各日 IC
--------------------------------------------------------------------------------------------
     5,000      2       53s   +0.0162   0.0694   0.233  +0.007 -0.115 -0.026 +0.157 +0.062 -0.067 +0.018 +0.019 +0.036 +0.083 +0.043 -0.043 +0.038
    20,000      7       48s   +0.0515   0.1023   0.503  +0.208 +0.226 +0.054 +0.176 -0.021 +0.068 -0.008 -0.011 +0.031 -0.017 -0.139 +0.069 +0.034
    73,102     25      144s   +0.0300   0.1037   0.289  +0.108 +0.194 -0.015 -0.118 +0.097 +0.100 +0.092 +0.033 +0.092 -0.076 -0.165 -0.028 +0.077
============================================================================================

---STDERR---
