============================================================================================
缓存 3ccb10244903  X=(412486, 120, 129)  y2=(412486,)  特征维度(展平)=15,480
============================================================================================
训练窗口 [2020-08-01 ~ 2021-08-06]  n_train=64,419  覆盖采样日 25 天
评估日 13 个: ['2021-08-20', '2021-09-07', '2021-09-23', '2021-10-14', '2021-10-28', '2021-11-05', '2021-11-19', '2021-12-07', '2021-12-21', '2022-01-10', '2022-01-24', '2022-02-11', '2022-02-25']（均在训练窗口之后 → 严格时间外）

--------------------------------------------------------------------------------------------
[cap=5000] 实际样本 5,000  覆盖采样日 2 天: [np.str_('2021-07-21'), np.str_('2021-08-06')]
  读取训练集完成 0s  内存 0.31GB
Training until validation scores don't improve for 50 rounds
Early stopping, best iteration is:
[101]	valid_0's rmse: 0.11525
[2026-09-26 08:14:43] INFO     sequoia_x.model_selection_v2.models.tree_reg - T2
                               训练完成: best_iteration=101                     
  ✅ 训练完成 48s
    2021-08-20  IC=+0.0608  pred_std=0.0313  pred_mean=+0.0449
    2021-09-07  IC=+0.0852  pred_std=0.0332  pred_mean=+0.0397
    2021-09-23  IC=-0.1131  pred_std=0.0327  pred_mean=+0.0366
    2021-10-14  IC=-0.1321  pred_std=0.0298  pred_mean=+0.0367
    2021-10-28  IC=+0.1133  pred_std=0.0297  pred_mean=+0.0382
    2021-11-05  IC=+0.0214  pred_std=0.0305  pred_mean=+0.0286
    2021-11-19  IC=-0.0917  pred_std=0.0311  pred_mean=+0.0327
    2021-12-07  IC=+0.0083  pred_std=0.0312  pred_mean=+0.0396
    2021-12-21  IC=-0.1019  pred_std=0.0345  pred_mean=+0.0261
    2022-01-10  IC=+0.1225  pred_std=0.0317  pred_mean=+0.0574
    2022-01-24  IC=+0.1371  pred_std=0.0344  pred_mean=+0.0557
    2022-02-11  IC=+0.0019  pred_std=0.0323  pred_mean=+0.0460
    2022-02-25  IC=-0.0845  pred_std=0.0360  pred_mean=+0.0379
  ⇒ 均值 IC=+0.0021  std=0.0976  ICIR=0.021
--------------------------------------------------------------------------------------------
[cap=20000] 实际样本 20,000  覆盖采样日 8 天: [np.str_('2021-04-22'), np.str_('2021-05-12'), np.str_('2021-05-26')] ... [np.str_('2021-07-07'), np.str_('2021-07-21'), np.str_('2021-08-06')]
  读取训练集完成 1s  内存 1.24GB
Training until validation scores don't improve for 50 rounds
Early stopping, best iteration is:
[1]	valid_0's rmse: 0.131052
[2026-09-26 08:15:36] INFO     sequoia_x.model_selection_v2.models.tree_reg - T2
                               训练完成: best_iteration=1                       
  ✅ 训练完成 51s
    2021-08-20  IC=+0.0776  pred_std=0.0024  pred_mean=+0.0223
    2021-09-07  IC=-0.1237  pred_std=0.0022  pred_mean=+0.0195
    2021-09-23  IC=-0.1211  pred_std=0.0022  pred_mean=+0.0232
    2021-10-14  IC=-0.0028  pred_std=0.0023  pred_mean=+0.0194
    2021-10-28  IC=-0.0567  pred_std=0.0021  pred_mean=+0.0218
    2021-11-05  IC=-0.0597  pred_std=0.0022  pred_mean=+0.0221
    2021-11-19  IC=-0.0619  pred_std=0.0022  pred_mean=+0.0197
    2021-12-07  IC=+0.0833  pred_std=0.0021  pred_mean=+0.0222
    2021-12-21  IC=+0.1228  pred_std=0.0020  pred_mean=+0.0231
    2022-01-10  IC=+0.0453  pred_std=0.0025  pred_mean=+0.0197
    2022-01-24  IC=+0.0037  pred_std=0.0022  pred_mean=+0.0224
    2022-02-11  IC=+0.0424  pred_std=0.0019  pred_mean=+0.0189
    2022-02-25  IC=-0.0305  pred_std=0.0021  pred_mean=+0.0224
  ⇒ 均值 IC=-0.0062  std=0.0780  ICIR=-0.08
--------------------------------------------------------------------------------------------
[cap=全量] 实际样本 64,419  覆盖采样日 25 天: [np.str_('2020-08-21'), np.str_('2020-08-31'), np.str_('2020-09-07')] ... [np.str_('2021-07-07'), np.str_('2021-07-21'), np.str_('2021-08-06')]
  读取训练集完成 3s  内存 3.99GB
Training until validation scores don't improve for 50 rounds
Early stopping, best iteration is:
[2]	valid_0's rmse: 0.131536
[2026-09-26 08:17:44] INFO     sequoia_x.model_selection_v2.models.tree_reg - T2
                               训练完成: best_iteration=2                       
  ✅ 训练完成 124s
    2021-08-20  IC=-0.0035  pred_std=0.0016  pred_mean=-0.0097
    2021-09-07  IC=+0.0059  pred_std=0.0023  pred_mean=-0.0136
    2021-09-23  IC=+0.0256  pred_std=0.0017  pred_mean=-0.0120
    2021-10-14  IC=+0.0003  pred_std=0.0023  pred_mean=-0.0134
    2021-10-28  IC=+0.0413  pred_std=0.0024  pred_mean=-0.0114
    2021-11-05  IC=+0.0899  pred_std=0.0018  pred_mean=-0.0117
    2021-11-19  IC=-0.0403  pred_std=0.0018  pred_mean=-0.0095
    2021-12-07  IC=-0.1273  pred_std=0.0024  pred_mean=-0.0099
    2021-12-21  IC=+0.0007  pred_std=0.0021  pred_mean=-0.0114
    2022-01-10  IC=+0.0695  pred_std=0.0024  pred_mean=-0.0120
    2022-01-24  IC=+0.0028  pred_std=0.0020  pred_mean=-0.0115
    2022-02-11  IC=-0.0141  pred_std=0.0024  pred_mean=-0.0132
    2022-02-25  IC=+0.0549  pred_std=0.0033  pred_mean=-0.0127
  ⇒ 均值 IC=+0.0081  std=0.0544  ICIR=0.15

============================================================================================
       训练量    采样日      训练耗时      均值IC   IC std    ICIR  各日 IC
--------------------------------------------------------------------------------------------
     5,000      2       48s   +0.0021   0.0976   0.021  +0.061 +0.085 -0.113 -0.132 +0.113 +0.021 -0.092 +0.008 -0.102 +0.122 +0.137 +0.002 -0.085
    20,000      8       51s   -0.0062   0.0780   -0.08  +0.078 -0.124 -0.121 -0.003 -0.057 -0.060 -0.062 +0.083 +0.123 +0.045 +0.004 +0.042 -0.030
    64,419     25      124s   +0.0081   0.0544    0.15  -0.004 +0.006 +0.026 +0.000 +0.041 +0.090 -0.040 -0.127 +0.001 +0.070 +0.003 -0.014 +0.055
============================================================================================

---STDERR---
