============================================================================================
缓存 3ccb10244903  X=(412486, 120, 129)  y2=(412486,)  特征维度(展平)=15,480
============================================================================================
训练窗口 [2023-02-01 ~ 2024-02-07]  n_train=71,585  覆盖采样日 25 天
评估日 13 个: ['2024-02-29', '2024-03-07', '2024-03-21', '2024-04-09', '2024-04-23', '2024-05-10', '2024-05-24', '2024-06-07', '2024-06-24', '2024-07-05', '2024-07-19', '2024-08-07', '2024-08-21']（均在训练窗口之后 → 严格时间外）

--------------------------------------------------------------------------------------------
[cap=5000] 实际样本 5,000  覆盖采样日 2 天: [np.str_('2024-01-22'), np.str_('2024-02-07')]
  读取训练集完成 0s  内存 0.31GB
Training until validation scores don't improve for 50 rounds
Early stopping, best iteration is:
[206]	valid_0's rmse: 0.0874762
[2026-09-26 08:40:31] INFO     sequoia_x.model_selection_v2.models.tree_reg - T2
                               训练完成: best_iteration=206                     
  ✅ 训练完成 71s
    2024-02-29  IC=+0.1548  pred_std=0.0304  pred_mean=-0.0101
    2024-03-07  IC=+0.1418  pred_std=0.0406  pred_mean=-0.0098
    2024-03-21  IC=+0.1567  pred_std=0.0447  pred_mean=-0.0237
    2024-04-09  IC=+0.0750  pred_std=0.0369  pred_mean=-0.0077
    2024-04-23  IC=+0.0699  pred_std=0.0376  pred_mean=-0.0135
    2024-05-10  IC=+0.0364  pred_std=0.0374  pred_mean=-0.0265
    2024-05-24  IC=+0.1247  pred_std=0.0423  pred_mean=-0.0437
    2024-06-07  IC=-0.0060  pred_std=0.0492  pred_mean=+0.0030
    2024-06-24  IC=+0.0328  pred_std=0.0524  pred_mean=+0.0347
    2024-07-05  IC=+0.0871  pred_std=0.0444  pred_mean=+0.0106
    2024-07-19  IC=+0.0142  pred_std=0.0488  pred_mean=-0.0040
    2024-08-07  IC=+0.0469  pred_std=0.0449  pred_mean=+0.0558
    2024-08-21  IC=+0.0861  pred_std=0.0408  pred_mean=+0.0126
  ⇒ 均值 IC=+0.0785  std=0.0536  ICIR=1.465
--------------------------------------------------------------------------------------------
[cap=20000] 实际样本 20,000  覆盖采样日 7 天: [np.str_('2023-11-07'), np.str_('2023-11-21'), np.str_('2023-12-07')] ... [np.str_('2024-01-08'), np.str_('2024-01-22'), np.str_('2024-02-07')]
  读取训练集完成 1s  内存 1.24GB
Training until validation scores don't improve for 50 rounds
Early stopping, best iteration is:
[4]	valid_0's rmse: 0.147239
[2026-09-26 08:41:23] INFO     sequoia_x.model_selection_v2.models.tree_reg - T2
                               训练完成: best_iteration=4                       
  ✅ 训练完成 51s
    2024-02-29  IC=+0.0649  pred_std=0.0031  pred_mean=-0.0336
    2024-03-07  IC=-0.1529  pred_std=0.0054  pred_mean=-0.0220
    2024-03-21  IC=+0.1245  pred_std=0.0055  pred_mean=-0.0324
    2024-04-09  IC=-0.0766  pred_std=0.0128  pred_mean=-0.0350
    2024-04-23  IC=+0.0374  pred_std=0.0050  pred_mean=-0.0344
    2024-05-10  IC=+0.1323  pred_std=0.0062  pred_mean=-0.0211
    2024-05-24  IC=+0.0578  pred_std=0.0053  pred_mean=-0.0511
    2024-06-07  IC=-0.0233  pred_std=0.0090  pred_mean=-0.0521
    2024-06-24  IC=+0.0742  pred_std=0.0051  pred_mean=-0.0328
    2024-07-05  IC=+0.0225  pred_std=0.0080  pred_mean=-0.0492
    2024-07-19  IC=+0.0936  pred_std=0.0117  pred_mean=-0.0387
    2024-08-07  IC=+0.0481  pred_std=0.0039  pred_mean=-0.0118
    2024-08-21  IC=+0.1005  pred_std=0.0056  pred_mean=-0.0237
  ⇒ 均值 IC=+0.0387  std=0.0814  ICIR=0.476
--------------------------------------------------------------------------------------------
[cap=全量] 实际样本 71,585  覆盖采样日 25 天: [np.str_('2023-02-07'), np.str_('2023-02-21'), np.str_('2023-03-07')] ... [np.str_('2024-01-08'), np.str_('2024-01-22'), np.str_('2024-02-07')]
  读取训练集完成 4s  内存 4.43GB
Training until validation scores don't improve for 50 rounds
Early stopping, best iteration is:
[1]	valid_0's rmse: 0.141743
[2026-09-26 08:43:42] INFO     sequoia_x.model_selection_v2.models.tree_reg - T2
                               训练完成: best_iteration=1                       
  ✅ 训练完成 134s
    2024-02-29  IC=+0.0830  pred_std=0.0013  pred_mean=+0.0124
    2024-03-07  IC=-0.0718  pred_std=0.0016  pred_mean=+0.0111
    2024-03-21  IC=-0.1890  pred_std=0.0020  pred_mean=+0.0121
    2024-04-09  IC=+0.0393  pred_std=0.0015  pred_mean=+0.0159
    2024-04-23  IC=-0.0253  pred_std=0.0010  pred_mean=+0.0149
    2024-05-10  IC=-0.1390  pred_std=0.0019  pred_mean=+0.0175
    2024-05-24  IC=+0.0872  pred_std=0.0017  pred_mean=+0.0131
    2024-06-07  IC=-0.0480  pred_std=0.0019  pred_mean=+0.0097
    2024-06-24  IC=+0.0230  pred_std=0.0016  pred_mean=+0.0099
    2024-07-05  IC=+0.0011  pred_std=0.0016  pred_mean=+0.0176
    2024-07-19  IC=+0.0529  pred_std=0.0016  pred_mean=+0.0144
    2024-08-07  IC=-0.0270  pred_std=0.0010  pred_mean=+0.0124
    2024-08-21  IC=+0.0217  pred_std=0.0021  pred_mean=+0.0169
  ⇒ 均值 IC=-0.0148  std=0.0821  ICIR=-0.18

============================================================================================
       训练量    采样日      训练耗时      均值IC   IC std    ICIR  各日 IC
--------------------------------------------------------------------------------------------
     5,000      2       71s   +0.0785   0.0536   1.465  +0.155 +0.142 +0.157 +0.075 +0.070 +0.036 +0.125 -0.006 +0.033 +0.087 +0.014 +0.047 +0.086
    20,000      7       51s   +0.0387   0.0814   0.476  +0.065 -0.153 +0.124 -0.077 +0.037 +0.132 +0.058 -0.023 +0.074 +0.022 +0.094 +0.048 +0.101
    71,585     25      134s   -0.0148   0.0821   -0.18  +0.083 -0.072 -0.189 +0.039 -0.025 -0.139 +0.087 -0.048 +0.023 +0.001 +0.053 -0.027 +0.022
============================================================================================

---STDERR---
