============================================================================================
缓存 3ccb10244903  X=(412486, 120, 129)  y2=(412486,)  特征维度(展平)=15,480
============================================================================================
训练窗口 [2022-08-01 ~ 2023-08-07]  n_train=70,620  覆盖采样日 25 天
评估日 13 个: ['2023-08-21', '2023-09-07', '2023-09-21', '2023-10-13', '2023-10-27', '2023-11-07', '2023-11-21', '2023-12-07', '2023-12-21', '2024-01-08', '2024-01-22', '2024-02-07', '2024-02-29']（均在训练窗口之后 → 严格时间外）

--------------------------------------------------------------------------------------------
[cap=5000] 实际样本 5,000  覆盖采样日 2 天: [np.str_('2023-07-21'), np.str_('2023-08-07')]
  读取训练集完成 0s  内存 0.31GB
Training until validation scores don't improve for 50 rounds
Early stopping, best iteration is:
[172]	valid_0's rmse: 0.0579861
[2026-09-26 08:34:14] INFO     sequoia_x.model_selection_v2.models.tree_reg - T2
                               训练完成: best_iteration=172                     
  ✅ 训练完成 68s
    2023-08-21  IC=+0.0896  pred_std=0.0215  pred_mean=+0.0041
    2023-09-07  IC=+0.0061  pred_std=0.0212  pred_mean=-0.0046
    2023-09-21  IC=-0.0139  pred_std=0.0197  pred_mean=-0.0096
    2023-10-13  IC=+0.0226  pred_std=0.0196  pred_mean=-0.0132
    2023-10-27  IC=-0.0029  pred_std=0.0221  pred_mean=-0.0068
    2023-11-07  IC=+0.0298  pred_std=0.0195  pred_mean=-0.0171
    2023-11-21  IC=+0.0510  pred_std=0.0202  pred_mean=+0.0005
    2023-12-07  IC=+0.1896  pred_std=0.0212  pred_mean=+0.0045
    2023-12-21  IC=+0.1629  pred_std=0.0209  pred_mean=-0.0032
    2024-01-08  IC=+0.2201  pred_std=0.0209  pred_mean=-0.0092
    2024-01-22  IC=+0.1309  pred_std=0.0219  pred_mean=-0.0040
    2024-02-07  IC=+0.1089  pred_std=0.0205  pred_mean=-0.0100
    2024-02-29  IC=+0.0309  pred_std=0.0202  pred_mean=-0.0004
  ⇒ 均值 IC=+0.0789  std=0.0776  ICIR=1.017
--------------------------------------------------------------------------------------------
[cap=20000] 实际样本 20,000  覆盖采样日 8 天: [np.str_('2023-04-24'), np.str_('2023-05-10'), np.str_('2023-05-24')] ... [np.str_('2023-07-07'), np.str_('2023-07-21'), np.str_('2023-08-07')]
  读取训练集完成 1s  内存 1.24GB
Training until validation scores don't improve for 50 rounds
Early stopping, best iteration is:
[135]	valid_0's rmse: 0.0670308
[2026-09-26 08:35:59] INFO     sequoia_x.model_selection_v2.models.tree_reg - T2
                               训练完成: best_iteration=135                     
  ✅ 训练完成 103s
    2023-08-21  IC=+0.0174  pred_std=0.0198  pred_mean=-0.0003
    2023-09-07  IC=+0.0243  pred_std=0.0208  pred_mean=+0.0057
    2023-09-21  IC=+0.0271  pred_std=0.0188  pred_mean=-0.0123
    2023-10-13  IC=+0.0368  pred_std=0.0205  pred_mean=+0.0064
    2023-10-27  IC=+0.0001  pred_std=0.0182  pred_mean=-0.0150
    2023-11-07  IC=+0.1364  pred_std=0.0216  pred_mean=+0.0251
    2023-11-21  IC=+0.1276  pred_std=0.0206  pred_mean=+0.0076
    2023-12-07  IC=+0.0198  pred_std=0.0229  pred_mean=+0.0205
    2023-12-21  IC=+0.0254  pred_std=0.0190  pred_mean=-0.0048
    2024-01-08  IC=+0.0781  pred_std=0.0195  pred_mean=+0.0165
    2024-01-22  IC=+0.1560  pred_std=0.0223  pred_mean=+0.0147
    2024-02-07  IC=+0.3550  pred_std=0.0240  pred_mean=+0.0257
    2024-02-29  IC=+0.1383  pred_std=0.0209  pred_mean=+0.0040
  ⇒ 均值 IC=+0.0879  std=0.0975  ICIR=0.901
--------------------------------------------------------------------------------------------
[cap=全量] 实际样本 70,620  覆盖采样日 25 天: [np.str_('2022-08-05'), np.str_('2022-08-19'), np.str_('2022-09-07')] ... [np.str_('2023-07-07'), np.str_('2023-07-21'), np.str_('2023-08-07')]
  读取训练集完成 4s  内存 4.37GB
Training until validation scores don't improve for 50 rounds
Early stopping, best iteration is:
[60]	valid_0's rmse: 0.0867789
[2026-09-26 08:39:12] INFO     sequoia_x.model_selection_v2.models.tree_reg - T2
                               训练完成: best_iteration=60                      
  ✅ 训练完成 188s
    2023-08-21  IC=+0.0818  pred_std=0.0185  pred_mean=-0.0214
    2023-09-07  IC=+0.0914  pred_std=0.0146  pred_mean=+0.0109
    2023-09-21  IC=-0.0307  pred_std=0.0170  pred_mean=+0.0350
    2023-10-13  IC=+0.0326  pred_std=0.0165  pred_mean=+0.0316
    2023-10-27  IC=+0.0011  pred_std=0.0123  pred_mean=-0.0172
    2023-11-07  IC=+0.1669  pred_std=0.0137  pred_mean=+0.0072
    2023-11-21  IC=+0.1402  pred_std=0.0185  pred_mean=-0.0114
    2023-12-07  IC=+0.0481  pred_std=0.0144  pred_mean=+0.0173
    2023-12-21  IC=+0.0236  pred_std=0.0179  pred_mean=+0.0223
    2024-01-08  IC=+0.0609  pred_std=0.0158  pred_mean=+0.0231
    2024-01-22  IC=+0.0070  pred_std=0.0179  pred_mean=+0.0274
    2024-02-07  IC=+0.1003  pred_std=0.0124  pred_mean=-0.0204
    2024-02-29  IC=+0.0744  pred_std=0.0132  pred_mean=-0.0288
  ⇒ 均值 IC=+0.0613  std=0.0562  ICIR=1.092

============================================================================================
       训练量    采样日      训练耗时      均值IC   IC std    ICIR  各日 IC
--------------------------------------------------------------------------------------------
     5,000      2       68s   +0.0789   0.0776   1.017  +0.090 +0.006 -0.014 +0.023 -0.003 +0.030 +0.051 +0.190 +0.163 +0.220 +0.131 +0.109 +0.031
    20,000      8      104s   +0.0879   0.0975   0.901  +0.017 +0.024 +0.027 +0.037 +0.000 +0.136 +0.128 +0.020 +0.025 +0.078 +0.156 +0.355 +0.138
    70,620     25      188s   +0.0613   0.0562   1.092  +0.082 +0.091 -0.031 +0.033 +0.001 +0.167 +0.140 +0.048 +0.024 +0.061 +0.007 +0.100 +0.074
============================================================================================

---STDERR---
