============================================================================================
缓存 3ccb10244903  X=(412486, 120, 129)  y2=(412486,)  特征维度(展平)=15,480
============================================================================================
训练窗口 [2024-08-01 ~ 2025-08-07]  n_train=73,626  覆盖采样日 25 天
评估日 13 个: ['2025-08-21', '2025-09-05', '2025-09-19', '2025-10-15', '2025-10-29', '2025-11-07', '2025-11-21', '2025-12-05', '2025-12-19', '2026-01-09', '2026-01-23', '2026-02-06', '2026-02-27']（均在训练窗口之后 → 严格时间外）

--------------------------------------------------------------------------------------------
[cap=5000] 实际样本 5,000  覆盖采样日 2 天: [np.str_('2025-07-21'), np.str_('2025-08-07')]
  读取训练集完成 0s  内存 0.31GB
Training until validation scores don't improve for 50 rounds
Early stopping, best iteration is:
[65]	valid_0's rmse: 0.0929192
[2026-09-26 08:53:55] INFO     sequoia_x.model_selection_v2.models.tree_reg - T2
                               训练完成: best_iteration=65                      
  ✅ 训练完成 40s
    2025-08-21  IC=+0.0407  pred_std=0.0221  pred_mean=-0.0164
    2025-09-05  IC=+0.0906  pred_std=0.0255  pred_mean=-0.0122
    2025-09-19  IC=-0.0829  pred_std=0.0238  pred_mean=-0.0049
    2025-10-15  IC=-0.0787  pred_std=0.0231  pred_mean=-0.0159
    2025-10-29  IC=+0.0094  pred_std=0.0203  pred_mean=-0.0220
    2025-11-07  IC=-0.0432  pred_std=0.0213  pred_mean=-0.0266
    2025-11-21  IC=+0.0599  pred_std=0.0229  pred_mean=-0.0279
    2025-12-05  IC=-0.0659  pred_std=0.0222  pred_mean=-0.0223
    2025-12-19  IC=+0.1938  pred_std=0.0226  pred_mean=-0.0131
    2026-01-09  IC=+0.0914  pred_std=0.0219  pred_mean=-0.0333
    2026-01-23  IC=+0.0139  pred_std=0.0230  pred_mean=-0.0229
    2026-02-06  IC=+0.0262  pred_std=0.0211  pred_mean=-0.0433
    2026-02-27  IC=-0.2613  pred_std=0.0229  pred_mean=-0.0222
  ⇒ 均值 IC=-0.0005  std=0.1110  ICIR=-0.004
--------------------------------------------------------------------------------------------
[cap=20000] 实际样本 20,000  覆盖采样日 7 天: [np.str_('2025-05-12'), np.str_('2025-05-26'), np.str_('2025-06-09')] ... [np.str_('2025-07-07'), np.str_('2025-07-21'), np.str_('2025-08-07')]
  读取训练集完成 1s  内存 1.24GB
Training until validation scores don't improve for 50 rounds
Early stopping, best iteration is:
[197]	valid_0's rmse: 0.11067
[2026-09-26 08:55:54] INFO     sequoia_x.model_selection_v2.models.tree_reg - T2
                               训练完成: best_iteration=197                     
  ✅ 训练完成 118s
    2025-08-21  IC=+0.0862  pred_std=0.0233  pred_mean=+0.0177
    2025-09-05  IC=+0.0496  pred_std=0.0233  pred_mean=+0.0090
    2025-09-19  IC=+0.0690  pred_std=0.0231  pred_mean=+0.0134
    2025-10-15  IC=+0.0805  pred_std=0.0246  pred_mean=+0.0337
    2025-10-29  IC=+0.0043  pred_std=0.0232  pred_mean=+0.0324
    2025-11-07  IC=+0.0600  pred_std=0.0255  pred_mean=+0.0185
    2025-11-21  IC=+0.0921  pred_std=0.0241  pred_mean=+0.0192
    2025-12-05  IC=+0.0545  pred_std=0.0250  pred_mean=+0.0274
    2025-12-19  IC=+0.1694  pred_std=0.0243  pred_mean=+0.0152
    2026-01-09  IC=+0.1034  pred_std=0.0267  pred_mean=+0.0238
    2026-01-23  IC=+0.0088  pred_std=0.0266  pred_mean=+0.0193
    2026-02-06  IC=-0.0112  pred_std=0.0256  pred_mean=+0.0250
    2026-02-27  IC=-0.0709  pred_std=0.0236  pred_mean=+0.0260
  ⇒ 均值 IC=+0.0535  std=0.0603  ICIR=0.888
--------------------------------------------------------------------------------------------
[cap=全量] 实际样本 73,626  覆盖采样日 25 天: [np.str_('2024-08-07'), np.str_('2024-08-21'), np.str_('2024-09-06')] ... [np.str_('2025-07-07'), np.str_('2025-07-21'), np.str_('2025-08-07')]
  读取训练集完成 4s  内存 4.56GB
Training until validation scores don't improve for 50 rounds
Early stopping, best iteration is:
[46]	valid_0's rmse: 0.0999687
[2026-09-26 08:58:54] INFO     sequoia_x.model_selection_v2.models.tree_reg - T2
                               训练完成: best_iteration=46                      
  ✅ 训练完成 174s
    2025-08-21  IC=+0.0347  pred_std=0.0153  pred_mean=+0.0252
    2025-09-05  IC=-0.0136  pred_std=0.0160  pred_mean=-0.0524
    2025-09-19  IC=+0.1855  pred_std=0.0151  pred_mean=-0.0133
    2025-10-15  IC=+0.1684  pred_std=0.0161  pred_mean=+0.0008
    2025-10-29  IC=+0.1060  pred_std=0.0140  pred_mean=+0.0051
    2025-11-07  IC=+0.1272  pred_std=0.0195  pred_mean=-0.0203
    2025-11-21  IC=+0.0558  pred_std=0.0178  pred_mean=-0.0185
    2025-12-05  IC=+0.1221  pred_std=0.0192  pred_mean=-0.0256
    2025-12-19  IC=+0.0512  pred_std=0.0198  pred_mean=-0.0090
    2026-01-09  IC=+0.1585  pred_std=0.0193  pred_mean=-0.0320
    2026-01-23  IC=-0.0713  pred_std=0.0232  pred_mean=-0.0167
    2026-02-06  IC=+0.0706  pred_std=0.0190  pred_mean=-0.0388
    2026-02-27  IC=+0.0919  pred_std=0.0174  pred_mean=-0.0005
  ⇒ 均值 IC=+0.0836  std=0.0736  ICIR=1.136

============================================================================================
       训练量    采样日      训练耗时      均值IC   IC std    ICIR  各日 IC
--------------------------------------------------------------------------------------------
     5,000      2       40s   -0.0005   0.1110  -0.004  +0.041 +0.091 -0.083 -0.079 +0.009 -0.043 +0.060 -0.066 +0.194 +0.091 +0.014 +0.026 -0.261
    20,000      7      118s   +0.0535   0.0603   0.888  +0.086 +0.050 +0.069 +0.081 +0.004 +0.060 +0.092 +0.054 +0.169 +0.103 +0.009 -0.011 -0.071
    73,626     25      174s   +0.0836   0.0736   1.136  +0.035 -0.014 +0.185 +0.168 +0.106 +0.127 +0.056 +0.122 +0.051 +0.159 -0.071 +0.071 +0.092
============================================================================================

---STDERR---
