============================================================================================
缓存 3ccb10244903  X=(412486, 120, 129)  y2=(412486,)  特征维度(展平)=15,480
============================================================================================
训练窗口 [2025-06-01 ~ 2026-06-22]  n_train=77,144  覆盖采样日 26 天
评估日 4 个: ['2026-07-07', '2026-07-21', '2026-08-07', '2026-08-21']（均在训练窗口之后 → 严格时间外）

--------------------------------------------------------------------------------------------
[cap=5000] 实际样本 5,000  覆盖采样日 2 天: [np.str_('2026-06-05'), np.str_('2026-06-22')]
  读取训练集完成 1s  内存 0.31GB
Training until validation scores don't improve for 50 rounds
Early stopping, best iteration is:
[84]	valid_0's rmse: 0.0972966
[2026-09-26 07:51:22] INFO     sequoia_x.model_selection_v2.models.tree_reg - T2
                               训练完成: best_iteration=84                      
  ✅ 训练完成 50s
    2026-07-07  IC=+0.3510  pred_std=0.0478  pred_mean=-0.0450
    2026-07-21  IC=-0.2152  pred_std=0.0445  pred_mean=-0.0334
    2026-08-07  IC=+0.0973  pred_std=0.0566  pred_mean=-0.0576
    2026-08-21  IC=-0.0507  pred_std=0.0539  pred_mean=-0.0249
  ⇒ 均值 IC=+0.0456  std=0.2403  ICIR=0.19
--------------------------------------------------------------------------------------------
[cap=20000] 实际样本 20,000  覆盖采样日 7 天: [np.str_('2026-03-20'), np.str_('2026-04-08'), np.str_('2026-04-22')] ... [np.str_('2026-05-26'), np.str_('2026-06-05'), np.str_('2026-06-22')]
  读取训练集完成 1s  内存 1.24GB
Training until validation scores don't improve for 50 rounds
Early stopping, best iteration is:
[25]	valid_0's rmse: 0.145997
[2026-09-26 07:52:30] INFO     sequoia_x.model_selection_v2.models.tree_reg - T2
                               训练完成: best_iteration=25                      
  ✅ 训练完成 67s
    2026-07-07  IC=-0.0829  pred_std=0.0162  pred_mean=-0.0696
    2026-07-21  IC=-0.0882  pred_std=0.0139  pred_mean=-0.0667
    2026-08-07  IC=+0.1448  pred_std=0.0131  pred_mean=-0.0613
    2026-08-21  IC=-0.0649  pred_std=0.0140  pred_mean=-0.0642
  ⇒ 均值 IC=-0.0228  std=0.1122  ICIR=-0.203
--------------------------------------------------------------------------------------------
[cap=全量] 实际样本 77,144  覆盖采样日 26 天: [np.str_('2025-06-09'), np.str_('2025-06-23'), np.str_('2025-07-07')] ... [np.str_('2026-05-26'), np.str_('2026-06-05'), np.str_('2026-06-22')]
  读取训练集完成 5s  内存 4.78GB
Training until validation scores don't improve for 50 rounds
Early stopping, best iteration is:
[87]	valid_0's rmse: 0.144881
[2026-09-26 07:56:32] INFO     sequoia_x.model_selection_v2.models.tree_reg - T2
                               训练完成: best_iteration=87                      
  ✅ 训练完成 237s
    2026-07-07  IC=+0.2606  pred_std=0.0175  pred_mean=-0.0001
    2026-07-21  IC=+0.1808  pred_std=0.0153  pred_mean=+0.0005
    2026-08-07  IC=+0.2000  pred_std=0.0252  pred_mean=-0.0375
    2026-08-21  IC=+0.0428  pred_std=0.0178  pred_mean=-0.0285
  ⇒ 均值 IC=+0.1711  std=0.0920  ICIR=1.859

============================================================================================
       训练量    采样日      训练耗时      均值IC   IC std    ICIR  各日 IC
--------------------------------------------------------------------------------------------
     5,000      2       50s   +0.0456   0.2403    0.19  +0.351 -0.215 +0.097 -0.051
    20,000      7       67s   -0.0228   0.1122  -0.203  -0.083 -0.088 +0.145 -0.065
    77,144     26      237s   +0.1711   0.0920   1.859  +0.261 +0.181 +0.200 +0.043
============================================================================================
