============================================================================================
缓存 3ccb10244903  X=(412486, 120, 129)  y2=(412486,)  特征维度(展平)=15,480
============================================================================================
训练窗口 [2025-02-01 ~ 2026-02-06]  n_train=73,931  覆盖采样日 25 天
评估日 13 个: ['2026-02-27', '2026-03-06', '2026-03-20', '2026-04-08', '2026-04-22', '2026-05-12', '2026-05-26', '2026-06-05', '2026-06-22', '2026-07-07', '2026-07-21', '2026-08-07', '2026-08-21']（均在训练窗口之后 → 严格时间外）

--------------------------------------------------------------------------------------------
[cap=5000] 实际样本 5,000  覆盖采样日 2 天: [np.str_('2026-01-23'), np.str_('2026-02-06')]
  读取训练集完成 0s  内存 0.31GB
Training until validation scores don't improve for 50 rounds
Early stopping, best iteration is:
[161]	valid_0's rmse: 0.10024
[2026-09-26 07:58:56] INFO     sequoia_x.model_selection_v2.models.tree_reg - T2
                               训练完成: best_iteration=161                     
  ✅ 训练完成 73s
    2026-02-27  IC=+0.1502  pred_std=0.0262  pred_mean=-0.0101
    2026-03-06  IC=+0.0850  pred_std=0.0255  pred_mean=-0.0033
    2026-03-20  IC=+0.0750  pred_std=0.0269  pred_mean=+0.0008
    2026-04-08  IC=-0.0740  pred_std=0.0273  pred_mean=+0.0075
    2026-04-22  IC=+0.0182  pred_std=0.0266  pred_mean=+0.0041
    2026-05-12  IC=+0.0474  pred_std=0.0269  pred_mean=+0.0006
    2026-05-26  IC=+0.0702  pred_std=0.0282  pred_mean=+0.0057
    2026-06-05  IC=+0.0552  pred_std=0.0300  pred_mean=+0.0079
    2026-06-22  IC=+0.2772  pred_std=0.0285  pred_mean=+0.0045
    2026-07-07  IC=+0.0351  pred_std=0.0254  pred_mean=-0.0059
    2026-07-21  IC=-0.0597  pred_std=0.0249  pred_mean=-0.0118
    2026-08-07  IC=+0.0413  pred_std=0.0259  pred_mean=+0.0134
    2026-08-21  IC=+0.0729  pred_std=0.0258  pred_mean=+0.0142
  ⇒ 均值 IC=+0.0611  std=0.0874  ICIR=0.699
--------------------------------------------------------------------------------------------
[cap=20000] 实际样本 20,000  覆盖采样日 7 天: [np.str_('2025-11-07'), np.str_('2025-11-21'), np.str_('2025-12-05')] ... [np.str_('2026-01-09'), np.str_('2026-01-23'), np.str_('2026-02-06')]
  读取训练集完成 1s  内存 1.24GB
Training until validation scores don't improve for 50 rounds
Early stopping, best iteration is:
[160]	valid_0's rmse: 0.107902
[2026-09-26 08:00:54] INFO     sequoia_x.model_selection_v2.models.tree_reg - T2
                               训练完成: best_iteration=160                     
  ✅ 训练完成 117s
    2026-02-27  IC=-0.1240  pred_std=0.0250  pred_mean=+0.0054
    2026-03-06  IC=-0.0994  pred_std=0.0244  pred_mean=+0.0044
    2026-03-20  IC=+0.1748  pred_std=0.0254  pred_mean=+0.0237
    2026-04-08  IC=+0.0707  pred_std=0.0282  pred_mean=+0.0186
    2026-04-22  IC=+0.0397  pred_std=0.0297  pred_mean=+0.0311
    2026-05-12  IC=-0.0229  pred_std=0.0261  pred_mean=+0.0156
    2026-05-26  IC=+0.0593  pred_std=0.0256  pred_mean=+0.0111
    2026-06-05  IC=+0.0464  pred_std=0.0252  pred_mean=+0.0042
    2026-06-22  IC=-0.0870  pred_std=0.0253  pred_mean=+0.0073
    2026-07-07  IC=-0.0554  pred_std=0.0254  pred_mean=+0.0122
    2026-07-21  IC=+0.0866  pred_std=0.0216  pred_mean=+0.0017
    2026-08-07  IC=+0.0035  pred_std=0.0242  pred_mean=-0.0018
    2026-08-21  IC=+0.0696  pred_std=0.0244  pred_mean=+0.0036
  ⇒ 均值 IC=+0.0125  std=0.0864  ICIR=0.144
--------------------------------------------------------------------------------------------
[cap=全量] 实际样本 73,931  覆盖采样日 25 天: [np.str_('2025-02-11'), np.str_('2025-02-25'), np.str_('2025-03-07')] ... [np.str_('2026-01-09'), np.str_('2026-01-23'), np.str_('2026-02-06')]
  读取训练集完成 4s  内存 4.58GB
Training until validation scores don't improve for 50 rounds
Early stopping, best iteration is:
[1]	valid_0's rmse: 0.111984
[2026-09-26 08:03:51] INFO     sequoia_x.model_selection_v2.models.tree_reg - T2
                               训练完成: best_iteration=1                       
  ✅ 训练完成 171s
    2026-02-27  IC=+0.0877  pred_std=0.0008  pred_mean=+0.0040
    2026-03-06  IC=+0.1791  pred_std=0.0014  pred_mean=+0.0067
    2026-03-20  IC=-0.0851  pred_std=0.0013  pred_mean=+0.0068
    2026-04-08  IC=-0.0440  pred_std=0.0017  pred_mean=+0.0090
    2026-04-22  IC=-0.0337  pred_std=0.0014  pred_mean=+0.0082
    2026-05-12  IC=-0.0515  pred_std=0.0011  pred_mean=+0.0083
    2026-05-26  IC=-0.0475  pred_std=0.0018  pred_mean=+0.0090
    2026-06-05  IC=+0.0204  pred_std=0.0015  pred_mean=+0.0067
    2026-06-22  IC=-0.0411  pred_std=0.0013  pred_mean=+0.0081
    2026-07-07  IC=-0.0140  pred_std=0.0016  pred_mean=+0.0084
    2026-07-21  IC=+0.0248  pred_std=0.0020  pred_mean=+0.0093
    2026-08-07  IC=+0.1447  pred_std=0.0017  pred_mean=+0.0061
    2026-08-21  IC=+0.0059  pred_std=0.0014  pred_mean=+0.0064
  ⇒ 均值 IC=+0.0112  std=0.0802  ICIR=0.14

============================================================================================
       训练量    采样日      训练耗时      均值IC   IC std    ICIR  各日 IC
--------------------------------------------------------------------------------------------
     5,000      2       73s   +0.0611   0.0874   0.699  +0.150 +0.085 +0.075 -0.074 +0.018 +0.047 +0.070 +0.055 +0.277 +0.035 -0.060 +0.041 +0.073
    20,000      7      117s   +0.0125   0.0864   0.144  -0.124 -0.099 +0.175 +0.071 +0.040 -0.023 +0.059 +0.046 -0.087 -0.055 +0.087 +0.004 +0.070
    73,931     25      171s   +0.0112   0.0802    0.14  +0.088 +0.179 -0.085 -0.044 -0.034 -0.051 -0.048 +0.020 -0.041 -0.014 +0.025 +0.145 +0.006
============================================================================================
